io.stephub.cli.service.WorkspaceYamlReaderTest.testFeaturesFromFile=[
  "{\"gherkinPreferences\":{\"assignmentKeywords\":[\"- assigned to @ATTRIBUTE\"],\"stepKeywords\":[\"Given\",\"When\",\"Then\",\"But\",\"And\"]},\"providers\":[],\"stepDefinitions\":[],\"variables\":{},\"features\":[],\"beforeFixtures\":[],\"afterFixtures\":[],\"featureFiles\":[\"/home/mbok/IdeaProjects/stephub4/cli/target/test-classes/features/feature1.feature\"]}"
]


io.stephub.cli.service.WorkspaceYamlReaderTest.testMerged=[
  "{\"name\":\"This is a workspace with a long title\",\"gherkinPreferences\":{\"assignmentKeywords\":[\"- assigned to @ATTRIBUTE\"],\"stepKeywords\":[\"Given\",\"When\",\"Then\",\"But\",\"And\"]},\"providers\":[],\"stepDefinitions\":[{\"type\":\"basic\",\"spec\":{\"pattern\":\"My step\",\"patternType\":\"simple\",\"arguments\":[],\"payload\":\"none\"},\"stepDefinitions\":[]},{\"type\":\"basic\",\"spec\":{\"pattern\":\"My winning step\",\"patternType\":\"simple\",\"arguments\":[],\"payload\":\"none\"},\"stepDefinitions\":[],\"steps\":[\"Given I win\"]}],\"variables\":{\"var1\":{\"defaultValue\":null,\"schema\":{\"type\":\"string\"}}},\"features\":[{\"name\":\"Feature 1\",\"scenarios\":[{\"steps\":[\"Given I do something\",\"Then I expect something\"],\"name\":\"Scene 1\",\"tags\":[],\"comments\":[]}],\"tags\":[],\"comments\":[]}],\"beforeFixtures\":[],\"afterFixtures\":[],\"featureFiles\":[]}"
]


io.stephub.cli.service.WorkspaceYamlReaderTest.testSimple=[
  "{\"name\":\"This is a workspace with a long title\",\"gherkinPreferences\":{\"assignmentKeywords\":[\"- assigned to @ATTRIBUTE\"],\"stepKeywords\":[\"Given\",\"When\",\"Then\",\"But\",\"And\"]},\"providers\":[],\"stepDefinitions\":[{\"type\":\"basic\",\"spec\":{\"pattern\":\"My step\",\"patternType\":\"simple\",\"arguments\":[],\"payload\":\"none\"},\"stepDefinitions\":[]}],\"variables\":{\"var1\":{\"defaultValue\":null,\"schema\":{\"type\":\"string\"}}},\"features\":[{\"name\":\"Feature 1\",\"scenarios\":[{\"steps\":[\"Given I do something\",\"Then I expect something\"],\"name\":\"Scene 1\",\"tags\":[],\"comments\":[]}],\"tags\":[],\"comments\":[]}],\"beforeFixtures\":[],\"afterFixtures\":[],\"featureFiles\":[]}"
]